Flow report for SeguidorLinea_Brazo
Fri Jun 12 13:06:56 2026
Quartus II 64-Bit Version 13.0.1 Build 232 06/12/2013 Service Pack 1 SJ Web Edition


---------------------
; Table of Contents ;
---------------------
  1. Legal Notice
  2. Flow Summary
  3. Flow Settings
  4. Flow Non-Default Global Settings
  5. Flow Elapsed Time
  6. Flow OS Summary
  7. Flow Log
  8. Flow Messages
  9. Flow Suppressed Messages



----------------
; Legal Notice ;
----------------
Copyright (C) 1991-2013 Altera Corporation
Your use of Altera Corporation's design tools, logic functions 
and other software and tools, and its AMPP partner logic 
functions, and any output files from any of the foregoing 
(including device programming or simulation files), and any 
associated documentation or information are expressly subject 
to the terms and conditions of the Altera Program License 
Subscription Agreement, Altera MegaCore Function License 
Agreement, or other applicable license agreement, including, 
without limitation, that your use is for the sole purpose of 
programming logic devices manufactured by Altera and sold by 
Altera or its authorized distributors.  Please refer to the 
applicable agreement for further details.



+--------------------------------------------------------------------------------------+
; Flow Summary                                                                         ;
+------------------------------------+-------------------------------------------------+
; Flow Status                        ; Successful - Fri Jun 12 13:06:51 2026           ;
; Quartus II 64-Bit Version          ; 13.0.1 Build 232 06/12/2013 SP 1 SJ Web Edition ;
; Revision Name                      ; SeguidorLinea_Brazo                             ;
; Top-level Entity Name              ; SeguidorLinea_Brazo                             ;
; Family                             ; Cyclone II                                      ;
; Device                             ; EP2C5T144C7                                     ;
; Timing Models                      ; Final                                           ;
; Total logic elements               ; 4,494 / 4,608 ( 98 % )                          ;
;     Total combinational functions  ; 4,435 / 4,608 ( 96 % )                          ;
;     Dedicated logic registers      ; 1,091 / 4,608 ( 24 % )                          ;
; Total registers                    ; 1091                                            ;
; Total pins                         ; 18 / 89 ( 20 % )                                ;
; Total virtual pins                 ; 0                                               ;
; Total memory bits                  ; 1,024 / 119,808 ( < 1 % )                       ;
; Embedded Multiplier 9-bit elements ; 12 / 26 ( 46 % )                                ;
; Total PLLs                         ; 0 / 2 ( 0 % )                                   ;
+------------------------------------+-------------------------------------------------+


+-----------------------------------------+
; Flow Settings                           ;
+-------------------+---------------------+
; Option            ; Setting             ;
+-------------------+---------------------+
; Start date & time ; 06/12/2026 13:04:58 ;
; Main task         ; Compilation         ;
; Revision Name     ; SeguidorLinea_Brazo ;
+-------------------+---------------------+


+-----------------------------------------------------------------------------------------------------------------+
; Flow Non-Default Global Settings                                                                                ;
+-------------------------------------+--------------------------------+---------------+-------------+------------+
; Assignment Name                     ; Value                          ; Default Value ; Entity Name ; Section Id ;
+-------------------------------------+--------------------------------+---------------+-------------+------------+
; COMPILER_SIGNATURE_ID               ; 62096878398661.178129109703032 ; --            ; --          ; --         ;
; DSP_BLOCK_BALANCING                 ; DSP blocks                     ; Auto          ; --          ; --         ;
; MAX_CORE_JUNCTION_TEMP              ; 85                             ; --            ; --          ; --         ;
; MIN_CORE_JUNCTION_TEMP              ; 0                              ; --            ; --          ; --         ;
; OPTIMIZATION_TECHNIQUE              ; Area                           ; Balanced      ; --          ; --         ;
; PARTITION_COLOR                     ; 16764057                       ; --            ; --          ; Top        ;
; PARTITION_FITTER_PRESERVATION_LEVEL ; PLACEMENT_AND_ROUTING          ; --            ; --          ; Top        ;
; PARTITION_NETLIST_TYPE              ; SOURCE                         ; --            ; --          ; Top        ;
; PROJECT_OUTPUT_DIRECTORY            ; output_files                   ; --            ; --          ; --         ;
+-------------------------------------+--------------------------------+---------------+-------------+------------+


+-------------------------------------------------------------------------------------------------------------------------------+
; Flow Elapsed Time                                                                                                             ;
+---------------------------+--------------+-------------------------+---------------------+------------------------------------+
; Module Name               ; Elapsed Time ; Average Processors Used ; Peak Virtual Memory ; Total CPU Time (on all processors) ;
+---------------------------+--------------+-------------------------+---------------------+------------------------------------+
; Analysis & Synthesis      ; 00:01:07     ; 1.0                     ; 4689 MB             ; 00:00:55                           ;
; Fitter                    ; 00:00:39     ; 1.0                     ; 4848 MB             ; 00:00:30                           ;
; Assembler                 ; 00:00:02     ; 1.0                     ; 4553 MB             ; 00:00:01                           ;
; TimeQuest Timing Analyzer ; 00:00:04     ; 1.0                     ; 4593 MB             ; 00:00:02                           ;
; Total                     ; 00:01:52     ; --                      ; --                  ; 00:01:28                           ;
+---------------------------+--------------+-------------------------+---------------------+------------------------------------+


+----------------------------------------------------------------------------------------+
; Flow OS Summary                                                                        ;
+---------------------------+------------------+-----------+------------+----------------+
; Module Name               ; Machine Hostname ; OS Name   ; OS Version ; Processor type ;
+---------------------------+------------------+-----------+------------+----------------+
; Analysis & Synthesis      ; Actronix-PC      ; Windows 7 ; 6.2        ; x86_64         ;
; Fitter                    ; Actronix-PC      ; Windows 7 ; 6.2        ; x86_64         ;
; Assembler                 ; Actronix-PC      ; Windows 7 ; 6.2        ; x86_64         ;
; TimeQuest Timing Analyzer ; Actronix-PC      ; Windows 7 ; 6.2        ; x86_64         ;
+---------------------------+------------------+-----------+------------+----------------+


------------
; Flow Log ;
------------
quartus_map --read_settings_files=on --write_settings_files=off SeguidorLinea_Brazo -c SeguidorLinea_Brazo
quartus_fit --read_settings_files=off --write_settings_files=off SeguidorLinea_Brazo -c SeguidorLinea_Brazo
quartus_asm --read_settings_files=off --write_settings_files=off SeguidorLinea_Brazo -c SeguidorLinea_Brazo
quartus_sta SeguidorLinea_Brazo -c SeguidorLinea_Brazo



